'				| workds, but should be a lexical error
"				| idem
'\''				| produces (\) but should be (') 
"\""				| idem
let a = 2 a = ""	  | exception, a transforms into a string, and was a integer at declaration
null * 5			| should be null, not act like 0 (confusing)
2 = 5				| should throw semantic exception as 2 is not an l-value
[] = 5				| same but crash in this case
'salut'['':'']	  	| must throw a semantic error
Number.sqrt("foo")	  | should throw a semantic error
